// Jest Snapshot v1, https://goo.gl/fbAQLP

exports[`List Container should match snapshot 1`] = `
<ign-list-container>
  
</ign-list-container>
`;
