// Jest Snapshot v1, https://goo.gl/fbAQLP

exports[`List Item should match snapshot 1`] = `
<ign-list-item>
  
</ign-list-item>
`;
