// Jest Snapshot v1, https://goo.gl/fbAQLP

exports[`PageComponent should match snapshot 1`] = `
<ign-page>
  
      
    
</ign-page>
`;
