// Jest Snapshot v1, https://goo.gl/fbAQLP

exports[`ButtonGroupComponent should match snapshot 1`] = `
<ign-button-group>
  
</ign-button-group>
`;
