// Jest Snapshot v1, https://goo.gl/fbAQLP

exports[`Form Group should match snapshot 1`] = `
<ign-form-group>
  
</ign-form-group>
`;
