// Jest Snapshot v1, https://goo.gl/fbAQLP

exports[`Card Header Container should match snapshot 1`] = `
<ign-card-header-container>
  <div
    _ngcontent-c0=""
    class="card-header-container"
    role="heading"
  />
</ign-card-header-container>
`;
