// Jest Snapshot v1, https://goo.gl/fbAQLP

exports[`List Content Card should match snapshot 1`] = `
<ign-list-content-card>
  <mat-card
    class="container mat-card"
  >
    
    
    
  
  </mat-card>
  
</ign-list-content-card>
`;
