// Jest Snapshot v1, https://goo.gl/fbAQLP

exports[`CenterComponent should match snapshot 1`] = `
<ign-center>
  <div>
    
    
    
  
  </div>
  
</ign-center>
`;
