// Jest Snapshot v1, https://goo.gl/fbAQLP

exports[`ErrorBannerComponent should match snapshot 1`] = `
<ign-error-banner>
  <p>
    
    
    
  
  </p>
</ign-error-banner>
`;
