// Jest Snapshot v1, https://goo.gl/fbAQLP

exports[`Empty State Title should match snapshot 1`] = `
<ign-empty-state-title>
  
</ign-empty-state-title>
`;
