// Jest Snapshot v1, https://goo.gl/fbAQLP

exports[`EmptyStateDescriptionComponent should match snapshot 1`] = `
<ign-empty-state-description>
  <div
    _ngcontent-c0=""
  />
</ign-empty-state-description>
`;
