// Jest Snapshot v1, https://goo.gl/fbAQLP

exports[`EmptyStateImageComponent should match snapshot 1`] = `
<ign-empty-state-image>
  <img
    _ngcontent-c0=""
    class="image"
    src="/assets/images/empty-state.svg"
    width="640px"
  />'
</ign-empty-state-image>
`;
