// Jest Snapshot v1, https://goo.gl/fbAQLP

exports[`CardToolbarComponent should match snapshot 1`] = `
<ign-card-toolbar>
  <div
    class="right-actions"
  >
    
  </div>
</ign-card-toolbar>
`;
