// Jest Snapshot v1, https://goo.gl/fbAQLP

exports[`CardSectionTitleComponent should match snapshot 1`] = `
<ign-card-section-title>
  <h2
    class="ign-card-section-title mat-card-subtitle"
  >
    
  </h2>
</ign-card-section-title>
`;
