// Jest Snapshot v1, https://goo.gl/fbAQLP

exports[`List Selection should match snapshot 1`] = `
<ign-list-selection>
  <div
    class="container"
  />
</ign-list-selection>
`;
