// Jest Snapshot v1, https://goo.gl/fbAQLP

exports[`Card Aside should match snapshot 1`] = `
<ign-card-aside>
  
</ign-card-aside>
`;
