// Jest Snapshot v1, https://goo.gl/fbAQLP

exports[`NavListComponent should match snapshot 1`] = `
<ign-nav-list>
  <mat-nav-list
    class="mat-nav-list"
    role="navigation"
  />
</ign-nav-list>
`;
