// Jest Snapshot v1, https://goo.gl/fbAQLP

exports[`Side Nav List should match snapshot 1`] = `
<ign-sidenav-list>
  
</ign-sidenav-list>
`;
