// Jest Snapshot v1, https://goo.gl/fbAQLP

exports[`Footer should match snapshot 1`] = `
<ign-footer>
  <footer
    class="footer"
    role="contentinfo"
  >
    <p
      class="footer-text"
    />
  </footer>
</ign-footer>
`;
