// Jest Snapshot v1, https://goo.gl/fbAQLP

exports[`Card Main should match snapshot 1`] = `
<ign-card-main>
  
</ign-card-main>
`;
