// Jest Snapshot v1, https://goo.gl/fbAQLP

exports[`ListItemSecondaryTextComponent should match snapshot 1`] = `
<ign-list-item-secondary-text>
  <h4
    _ngcontent-c0=""
    class="secondary-text"
    mat-line=""
  />
</ign-list-item-secondary-text>
`;
