// Jest Snapshot v1, https://goo.gl/fbAQLP

exports[`ListItemPrimaryTextComponent should match snapshot 1`] = `
<ign-list-item-primary-text>
  <h3
    _ngcontent-c0=""
    class="primary-text"
    mat-line=""
  />
</ign-list-item-primary-text>
`;
