// Jest Snapshot v1, https://goo.gl/fbAQLP

exports[`CardTitleComponent should match snapshot 1`] = `
<ign-card-title>
  <h1
    class="mat-card-title ign-card-title "
  >
    
    
    
  
  </h1>
  
</ign-card-title>
`;
