// Jest Snapshot v1, https://goo.gl/fbAQLP

exports[`Right Align Container Component Should match snapshot 1`] = `
<ign-right-align-container>
  
</ign-right-align-container>
`;
