// Jest Snapshot v1, https://goo.gl/fbAQLP

exports[`Info Banner should match snapshot 1`] = `
<ign-info-banner>
  <p>
    
    
    
  
  </p>
</ign-info-banner>
`;
