// Jest Snapshot v1, https://goo.gl/fbAQLP

exports[`Data Table Container should match snapshot 1`] = `
<ign-data-table-container
  dataSource={[Function MatTableDataSource]}
  paginator={[Function MatPaginator]}
  paginatorEvents$={[Function BehaviorSubject]}
>
  
  
  <mat-paginator
    class="mat-paginator"
    ng-reflect-page-size="10"
    ng-reflect-page-size-options="5,10,15,20,50"
  >
    <div
      class="mat-paginator-container"
    >
      
      <div
        class="mat-paginator-page-size ng-star-inserted"
      >
        <div
          class="mat-paginator-page-size-label"
        >
          Items per page:
        </div>
        
        <mat-form-field
          class="mat-paginator-page-size-select mat-input-container mat-form-field ng-tns-c37-0 mat-primary mat-form-field-type-mat-select mat-form-field-can-float mat-form-field-hide-placeholder ng-star-inserted"
        >
          <div
            class="mat-input-wrapper mat-form-field-wrapper"
          >
            <div
              class="mat-input-flex mat-form-field-flex"
            >
              
              <div
                class="mat-input-infix mat-form-field-infix"
              >
                <mat-select
<<<<<<< HEAD
                  tabindex="0"
                  class="mat-select ng-tns-c38-1 ng-star-inserted"
                  ng-reflect-value="10"
                  ng-reflect-aria-label="Items per page:"
                  id="mat-select-6"
                  role="listbox"
                  aria-label="Items per page:"
                  aria-required="false"
                  aria-disabled="false"
                  aria-invalid="false"
=======
                  aria-disabled="false"
                  aria-invalid="false"
                  aria-label="Items per page:"
>>>>>>> develop
                  aria-multiselectable="false"
                  aria-required="false"
                  class="mat-select ng-tns-c38-1 ng-star-inserted"
                  id="mat-select-6"
                  ng-reflect-aria-label="Items per page:"
                  ng-reflect-value="10"
                  role="listbox"
                  tabindex="0"
                >
                  <div
                    aria-hidden="true"
                    cdk-overlay-origin=""
                    class="mat-select-trigger"
                  >
                    <div
                      class="mat-select-value"
                      ng-reflect-ng-switch="true"
                    >
<<<<<<< HEAD
                      <span
                        class="mat-select-placeholder ng-tns-c38-1 ng-star-inserted"
                      >
                        
                      </span>
=======
                      
                      <span
                        class="mat-select-placeholder ng-tns-c38-1 ng-star-inserted"
                      >
                        Â 
                      </span>
                      
>>>>>>> develop
                    </div>
                    <div
                      class="mat-select-arrow-wrapper"
                    >
                      <div
                        class="mat-select-arrow"
                      />
                    </div>
                  </div>
                  
                </mat-select>
                <span
                  class="mat-form-field-label-wrapper mat-input-placeholder-wrapper mat-form-field-placeholder-wrapper"
                >
                  
                </span>
              </div>
              
            </div>
            <div
              class="mat-input-underline mat-form-field-underline"
            >
              <span
                class="mat-input-ripple mat-form-field-ripple"
              />
            </div>
            <div
              class="mat-input-subscript-wrapper mat-form-field-subscript-wrapper"
              ng-reflect-ng-switch="hint"
            >
              
              
              <div
                class="mat-input-hint-wrapper mat-form-field-hint-wrapper ng-tns-c37-0 ng-trigger ng-trigger-transitionMessages ng-star-inserted"
                style="opacity: 1;"
              >
                
                <div
                  class="mat-input-hint-spacer mat-form-field-hint-spacer"
                />
              </div>
            </div>
          </div>
        </mat-form-field>
        
      </div>
      <div
        class="mat-paginator-range-actions"
      >
        <div
          class="mat-paginator-range-label"
        >
          0 of 0
        </div>
        
        <button
          aria-describedby="cdk-describedby-message-12"
          aria-label="Previous page"
          cdk-describedby-host=""
          class="mat-paginator-navigation-previous mat-icon-button"
          disabled=""
          mat-icon-button=""
          ng-reflect-disabled="true"
          ng-reflect-message="Previous page"
          ng-reflect-position="above"
          type="button"
        >
          <span
            class="mat-button-wrapper"
          >
            <div
              class="mat-paginator-decrement"
            />
          </span>
          <div
            class="mat-button-ripple mat-ripple mat-button-ripple-round"
            matripple=""
            ng-reflect-centered="true"
            ng-reflect-disabled="true"
            ng-reflect-trigger="[object HTMLButtonElement]"
          />
          <div
            class="mat-button-focus-overlay"
          />
        </button>
        <button
          aria-describedby="cdk-describedby-message-13"
          aria-label="Next page"
          cdk-describedby-host=""
          class="mat-paginator-navigation-next mat-icon-button"
          disabled=""
          mat-icon-button=""
          ng-reflect-disabled="true"
          ng-reflect-message="Next page"
          ng-reflect-position="above"
          type="button"
        >
          <span
            class="mat-button-wrapper"
          >
            <div
              class="mat-paginator-increment"
            />
          </span>
          <div
            class="mat-button-ripple mat-ripple mat-button-ripple-round"
            matripple=""
            ng-reflect-centered="true"
            ng-reflect-disabled="true"
            ng-reflect-trigger="[object HTMLButtonElement]"
          />
          <div
            class="mat-button-focus-overlay"
          />
        </button>
        
      </div>
    </div>
  </mat-paginator>
  
</ign-data-table-container>
`;
